Loading module Cryptol
Loading module Cryptol
Loading module Main
Constraint Synonyms
===================
    
  type constraint (<=>) i j = (i <= j, i >= j)
  type constraint Both p q = (p, q)
  type constraint Pos2 i j = Both (i > 0) (j > 0)
  type constraint T n = n >= 1
   
