Loading module Cryptol
Loading module Cryptol
Loading module Main

[error] at issue614.cry:1:18--1:20 and issue614.cry:1:31--1:33
    The fixities of
      • (==) (precedence 20, non-associative)
      • (==) (precedence 20, non-associative)
    are not compatible.
    You may use explicit parentheses to disambiguate.
[error] at issue614.cry:5:15--5:16 and issue614.cry:5:19--5:21
    The fixities of
      • (<) (precedence 30, non-associative)
      • (<=) (precedence 30, non-associative)
    are not compatible.
    You may use explicit parentheses to disambiguate.
