Loading module Cryptol
Loading module Cryptol
Loading module Main
unique : {a, b} (a >= 1) => [a][b] -> Bit
