Loading module Cryptol
(join (zero : [1000][0])) : [0]
0x0
True
0x0
Q.E.D.
(join (zero : [1000][0][32])) : [0][32]
[]
True
0x0
Q.E.D.
