Loading module Cryptol
Loading module Cryptol
Loading module Main
gt_words' : {n, m, a} (Cmp a) => [n]a -> [m]a -> Bit
